
1 ip:::send    (args[2]: 4 64, args[4]: 4 84 2 0 255)
2 ip:::receive (args[2]: 4 64, args[4]: 4 84 2 0 255)
