                23242526             
                1e240           
                123                  
radix = 10 base ten
                5555555              
                44444444             
