                1fd             
                1fd             
                7               
radix = 8 base ten
                a72e            
                1               
