                123456789abcdef 
                123456789abcdef 
                123456789abcdef 
radix = 16 base ten
                badcafe         
                badcafe         
                195939070            
